<html>
<body>
<pre>
<h1>µVision Build Log</h1>
<h2>Tool Versions:</h2>
IDE-Version: µVision V5.33.0.0
Copyright (C) 2020 ARM Ltd and ARM Germany GmbH. All rights reserved.
License Information: feras fefas, asgasg, LIC=----
 
Tool Versions:
Toolchain:       MDK-Lite  Version: 5.33.0.0
Toolchain Path:  C:\Keil_v5\ARM\ARMCC\Bin
C Compiler:      Armcc.exe V5.06 update 7 (build 960)
Assembler:       Armasm.exe V5.06 update 7 (build 960)
Linker/Locator:  ArmLink.exe V5.06 update 7 (build 960)
Library Manager: ArmAr.exe V5.06 update 7 (build 960)
Hex Converter:   FromElf.exe V5.06 update 7 (build 960)
CPU DLL:         SARMCM3.DLL V5.33.0.0
Dialog DLL:      DCM.DLL V1.17.3.0
Target DLL:      STLink\ST-LINKIII-KEIL_SWO.dll V3.0.8.0
Dialog DLL:      TCM.DLL V1.48.0.0
 
<h2>Project:</h2>
C:\Users\feras\Desktop\proje son\prorject\MDK-ARM\prorject.uvprojx
Project File Date:  06/26/2021

<h2>Output:</h2>
*** Using Compiler 'V5.06 update 7 (build 960)', folder: 'C:\Keil_v5\ARM\ARMCC\Bin'
Build target 'prorject'
compiling main.c...
../Core/Src/main.c(184): warning:  #223-D: function "sprintf" declared implicitly
  	                sprintf(transmitData,"%d+%d=%d \n \r",num1,num2,num1+num2);
../Core/Src/main.c(185): warning:  #223-D: function "strlen" declared implicitly
  	                HAL_UART_Transmit(&huart1,(uint8_t*)transmitData,strlen(transmitData),1000 );			
../Core/Src/main.c(273): warning:  #223-D: function "importEEprom" declared implicitly
  	    importEEprom();
../Core/Src/main.c(281): warning:  #223-D: function "EpromaSave" declared implicitly
         EpromaSave();
../Core/Src/main.c(302): warning:  #223-D: function "_readEEPROM" declared implicitly
  			  EpromGelen[i7]=_readEEPROM(&hi2c1, 0xA0, i7);	
../Core/Src/main.c(303): warning:  #223-D: function "sprintf" declared implicitly
  			  sprintf(transmitData,"%d#",EpromGelen[i7]);
../Core/Src/main.c(304): warning:  #223-D: function "strlen" declared implicitly
  	      HAL_UART_Transmit(&huart1,(uint8_t*)transmitData,strlen(transmitData),30 );	
../Core/Src/main.c(308): warning:  #223-D: function "sprintf" declared implicitly
  			  sprintf(transmitData,"\n");
../Core/Src/main.c(309): warning:  #223-D: function "strlen" declared implicitly
  	      HAL_UART_Transmit(&huart1,(uint8_t*)transmitData,strlen(transmitData),1 );	
../Core/Src/main.c(310): warning:  #223-D: function "_eraseEEPROM" declared implicitly
      	  _eraseEEPROM(&hi2c1, 0xA0);
../Core/Src/main.c(319): warning:  #223-D: function "_writeEEPROM" declared implicitly
  	     _writeEEPROM(&hi2c1, 0xA0,EpSayac, (int)AdcValue);
../Core/Src/main.c: 11 warnings, 0 errors
linking...
Program Size: Code=17568 RO-data=292 RW-data=212 ZI-data=1508  
FromELF: creating hex file...
"prorject\prorject.axf" - 0 Error(s), 11 Warning(s).

<h2>Software Packages used:</h2>

Package Vendor: ARM
                http://www.keil.com/pack/ARM.CMSIS.5.7.0.pack
                ARM.CMSIS.5.7.0
                CMSIS (Cortex Microcontroller Software Interface Standard)
   * Component: CORE Version: 5.4.0

Package Vendor: Keil
                http://www.keil.com/pack/Keil.STM32F1xx_DFP.2.3.0.pack
                Keil.STM32F1xx_DFP.2.3.0
                STMicroelectronics STM32F1 Series Device Support, Drivers and Examples

<h2>Collection of Component include folders:</h2>
  .\RTE\_prorject
  C:\Users\feras\AppData\Local\Arm\Packs\ARM\CMSIS\5.7.0\CMSIS\Core\Include
  C:\Users\feras\AppData\Local\Arm\Packs\Keil\STM32F1xx_DFP\2.3.0\Device\Include

<h2>Collection of Component Files used:</h2>

   * Component: ARM::CMSIS:CORE:5.4.0
      Include file:  CMSIS\Core\Include\tz_context.h
Build Time Elapsed:  00:00:02
</pre>
</body>
</html>
